Microsoft (R) Macro Assembler Version 5.10                  11/24/21 21:58:1
                                                             Page     1-1


 0000				AStack SEGMENT  STACK
 0000  000C[			    DW 12 DUP(?)
	   ????			
			 ]	
				
 0018				AStack  ENDS
				;Данные программы
 0000				DATA      SEGMENT
				;Директивы описания данных
 0000  0000			a      DW    0
 0002  0000			b      DW    0
 0004  0000			i      DW    0
 0006  0000			k      DW    0
 0008  0000			i1     DW    0
 000A  0000			i2     DW    0
				
 000C				DATA      ENDS
				
				; Код программы
 0000				CODE      SEGMENT
				      ASSUME CS:CODE, DS:DATA, SS:AStack
					  
				; Головная процедура
 0000				Main      PROC  FAR
 0000  1E			      push  DS
 0001  2B C0			      sub   AX,AX
 0003  50			      push  AX
 0004  B8 ---- R		      mov   AX,DATA
 0007  8E D8			      mov   DS,AX
 0009  B9 0000				  mov   CX, 0
				
 000C  C7 06 0000 R 0002		  mov a, 2
 0012  C7 06 0002 R 0001	      mov b, 1
 0018  C7 06 0004 R FFFF	      mov i, -1
 001E  C7 06 0006 R 0000	      mov k, 0
					  
					  ;вычисление f1
 0024  8B 0E 0004 R			  mov cx, i
 0028  8B C1				  mov ax, cx
 002A  D1 E1				  shl cx, 1
 002C  8B 1E 0002 R			  mov bx, b    ;
 0030  39 1E 0000 R			  cmp a, bx    ; сравнение a и b
 0034  7E 12				  jle f1second
 0036  F7 D9					neg cx
 0038  83 C1 0F					add cx, 15
 003B  89 0E 0008 R				mov i1, cx
 003F  D1 E1					shl cx, 1
 0041  83 C1 DF					add cx, -33
 0044  89 0E 000A R				mov i2, cx
 0048					  f1second:
 0048  03 C8					add cx, ax
 004A  83 C1 04					add cx, 4
 004D  89 0E 0008 R				mov i1, cx
 0051  D1 E1					shl cx, 1
Microsoft (R) Macro Assembler Version 5.10                  11/24/21 21:58:1
                                                             Page     1-2


 0053  83 C1 EE					add cx, -18
 0056  89 0E 000A R				mov i2, cx
					  
					  ;рассчет res
 005A  8B 1E 0006 R			  mov bx, k
 005E  83 FB 00				  cmp bx, 0
 0061  75 16				  jne resSecond
 0063  8B 1E 0008 R			    mov bx, i1
 0067  3B 1E 000A R				cmp bx, i2
 006B  7C 07					jl max1
 006D  8B 0E 000A R				  mov cx, i2
 0071  EB 1C 90					  jmp MainFinal
 0074						max1:
 0074  8B CB					  mov cx, bx
 0076  EB 17 90					  jmp MainFinal
 0079					  resSecond:
 0079  8B 1E 0008 R			    mov bx, i1
 007D  3B 1E 000A R				cmp bx, i2
 0081  7C 05					jl max2
 0083  8B CB					  mov cx, bx
 0085  EB 08 90					  jmp MainFinal
 0088						max2:
 0088  8B 0E 000A R				  mov cx, i2
 008C  EB 01 90					  jmp MainFinal
 008F					  MainFinal:           ; в cx лежит зна
				чение res
 008F  CB			      ret
 0090				Main      ENDP
 0090				CODE      ENDS
				END Main 
Microsoft (R) Macro Assembler Version 5.10                  11/24/21 21:58:1
                                                             Symbols-1


Segments and Groups:

                N a m e         	Length	 Align	Combine Class

ASTACK . . . . . . . . . . . . .  	0018	PARA	STACK	
CODE . . . . . . . . . . . . . .  	0090	PARA	NONE	
DATA . . . . . . . . . . . . . .  	000C	PARA	NONE	

Symbols:            

                N a m e         	Type	 Value	 Attr

A  . . . . . . . . . . . . . . .  	L WORD	0000	DATA

B  . . . . . . . . . . . . . . .  	L WORD	0002	DATA

F1SECOND . . . . . . . . . . . .  	L NEAR	0048	CODE

I  . . . . . . . . . . . . . . .  	L WORD	0004	DATA
I1 . . . . . . . . . . . . . . .  	L WORD	0008	DATA
I2 . . . . . . . . . . . . . . .  	L WORD	000A	DATA

K  . . . . . . . . . . . . . . .  	L WORD	0006	DATA

MAIN . . . . . . . . . . . . . .  	F PROC	0000	CODE	Length = 0090
MAINFINAL  . . . . . . . . . . .  	L NEAR	008F	CODE
MAX1 . . . . . . . . . . . . . .  	L NEAR	0074	CODE
MAX2 . . . . . . . . . . . . . .  	L NEAR	0088	CODE

RESSECOND  . . . . . . . . . . .  	L NEAR	0079	CODE

@CPU . . . . . . . . . . . . . .  	TEXT  0101h		
@FILENAME  . . . . . . . . . . .  	TEXT  LAB3		
@VERSION . . . . . . . . . . . .  	TEXT  510		


     80 Source  Lines
     80 Total   Lines
     20 Symbols

  47982 + 461325 Bytes symbol space free

      0 Warning Errors
      0 Severe  Errors
