Microsoft (R) Macro Assembler Version 5.10                  11/25/21 04:25:1
                                                             Page     1-1


 0000				AStack SEGMENT STACK
 0000  000C[				DW 12 DUP(?)
	   ????			
			 ]	
				
 0018				AStack ENDS
				
 0000				DATA SEGMENT
 0000  0000			a DW 0
 0002  0000			b DW 0
 0004  0000			i DW 0
 0006  0000			k DW 0
 0008  0000			i1 DW 0
 000A  0000			i2 DW 0
 000C				DATA ENDS
				
				; Код программы
 0000				CODE SEGMENT
				
				ASSUME CS:CODE, DS:DATA, SS:AStack
				; Головная процедура
 0000				Main PROC FAR
 0000  1E				push DS
 0001  2B C0				sub AX, AX
 0003  50				push AX
				
 0004  B8 ---- R			mov AX, DATA
 0007  8B D0				mov DX, AX
				
 0009  C7 06 0000 R 0000		mov a, 0
 000F  C7 06 0002 R 0000		mov b, 0
 0015  C7 06 0004 R 0000		mov i, 0
 001B  C7 06 0006 R 0000		mov k, 0
				
 0021  8B 0E 0000 R			mov cx, a
 0025  2B 0E 0002 R			sub cx, b
 0029  83 F9 00				cmp cx, 0
 002C  7E 29				jle L1
				
					;a > b
					;i1 = -(4 * i + 3)
 002E  8B 0E 0004 R			mov cx, i
 0032  D1 E1				shl cx, 1
 0034  D1 E1				shl cx, 1
 0036  83 C1 03				add cx, 3
 0039  F7 D9				neg cx
 003B  89 0E 0008 R			mov i1, cx
				
					;i2 = -(6 * i + 8)
 003F  8B 0E 0004 R			mov cx, i
 0043  D1 E1				shl cx, 1
 0045  03 0E 0004 R			add cx, i
 0049  83 C1 04				add cx, 4
 004C  D1 E1				shl cx, 1
Microsoft (R) Macro Assembler Version 5.10                  11/25/21 04:25:1
                                                             Page     1-2


 004E  F7 D9				neg cx
 0050  89 0E 000A R			mov i2, cx
				
 0054  EB 27 90				jmp L2
				
				
					;a <= b
 0057					L1:
				
					;i1 = 6 * i - 10
 0057  8B 0E 0004 R			mov cx, i
 005B  D1 E1				shl cx, 1
 005D  03 0E 0004 R			add cx, i
 0061  D1 E1				shl cx, 1
 0063  83 E9 0A				sub cx, 10
 0066  89 0E 0008 R			mov i1, cx
				
					;i2 = 9 - 3 * (i - 1)
 006A  8B 0E 0004 R			mov cx, i
 006E  D1 E1				shl cx, 1
 0070  03 0E 0004 R			add cx, i
 0074  F7 D9				neg cx
 0076  83 C1 0C				add cx, 12
 0079  89 0E 000A R			mov i2, cx
				
 007D					L2:
 007D  83 3E 0006 R 00			cmp k, 0
 0082  75 2A				jne L3
				
					;k == 0
 0084  83 3E 0008 R 00			cmp i1, 0
 0089  7C 0A				jl i10
 008B  83 3E 000A R 00			cmp i2, 0
 0090  7C 0E				jl i20
 0092  EB 10 90				jmp endf3
				
 0095					i10:
 0095  F7 1E 0008 R			neg i1
 0099  83 3E 000A R 00			cmp i2, 0
 009E  7F 04				jg endf3
				
 00A0					i20:
 00A0  F7 1E 000A R			neg i2
					
 00A4					endf3:
 00A4  A1 0008 R			mov ax, i1
 00A7  03 06 000A R			add ax, i2
 00AB  EB 1A 90				jmp endmain
				
					;k != 0
 00AE					L3:
 00AE  8B 0E 0008 R			mov cx, i1
 00B2  2B 0E 000A R			sub cx, i2
 00B6  83 F9 00				cmp cx, 0
Microsoft (R) Macro Assembler Version 5.10                  11/25/21 04:25:1
                                                             Page     1-3


 00B9  7C 06				jl Li1
 00BB  A1 000A R			mov AX, i2
 00BE  EB 07 90				jmp endmain
				
 00C1					Li1:
 00C1  A1 0008 R			mov AX, i1
 00C4  EB 01 90				jmp endmain
				
 00C7					endmain:
 00C7  CB				ret
 00C8				Main ENDP
 00C8				CODE ENDS
				
				END Main
Microsoft (R) Macro Assembler Version 5.10                  11/25/21 04:25:1
                                                             Symbols-1


Segments and Groups:

                N a m e         	Length	 Align	Combine Class

ASTACK . . . . . . . . . . . . .  	0018	PARA	STACK	
CODE . . . . . . . . . . . . . .  	00C8	PARA	NONE	
DATA . . . . . . . . . . . . . .  	000C	PARA	NONE	

Symbols:            

                N a m e         	Type	 Value	 Attr

A  . . . . . . . . . . . . . . .  	L WORD	0000	DATA

B  . . . . . . . . . . . . . . .  	L WORD	0002	DATA

ENDF3  . . . . . . . . . . . . .  	L NEAR	00A4	CODE
ENDMAIN  . . . . . . . . . . . .  	L NEAR	00C7	CODE

I  . . . . . . . . . . . . . . .  	L WORD	0004	DATA
I1 . . . . . . . . . . . . . . .  	L WORD	0008	DATA
I10  . . . . . . . . . . . . . .  	L NEAR	0095	CODE
I2 . . . . . . . . . . . . . . .  	L WORD	000A	DATA
I20  . . . . . . . . . . . . . .  	L NEAR	00A0	CODE

K  . . . . . . . . . . . . . . .  	L WORD	0006	DATA

L1 . . . . . . . . . . . . . . .  	L NEAR	0057	CODE
L2 . . . . . . . . . . . . . . .  	L NEAR	007D	CODE
L3 . . . . . . . . . . . . . . .  	L NEAR	00AE	CODE
LI1  . . . . . . . . . . . . . .  	L NEAR	00C1	CODE

MAIN . . . . . . . . . . . . . .  	F PROC	0000	CODE	Length = 00C8

@CPU . . . . . . . . . . . . . .  	TEXT  0101h		
@FILENAME  . . . . . . . . . . .  	TEXT  lab3		
@VERSION . . . . . . . . . . . .  	TEXT  510		


    119 Source  Lines
    119 Total   Lines
     23 Symbols

  48058 + 461249 Bytes symbol space free

      0 Warning Errors
      0 Severe  Errors
