Microsoft (R) Macro Assembler Version 5.10                  11/6/21 08:21:46
                                                             Page     1-1


				; Стек  программы
 0000				AStack SEGMENT  STACK
 0000  000C[			    DW 12 DUP(?)
	   ????			
			 ]	
				
 0018				AStack  ENDS
				;Данные программы
 0000				DATA      SEGMENT
				;Директивы описания данны
				х
 0000  0002			a      DW    2
 0002  0001			b      DW    1
 0004  0004			i      DW    4
 0006  FFFF			k      DW    -1
 0008  0000			i1     DW    0
 000A  0000			i2     DW    0
				
 000C				DATA      ENDS
				
				; Код программы
 0000				CODE      SEGMENT
				      ASSUME CS:CODE, DS:DATA, SS:AStack
					  
				; Головная процедура
 0000				Main      PROC  FAR
 0000  1E			      push  DS
 0001  2B C0			      sub   AX,AX
 0003  50			      push  AX
 0004  B8 ---- R		      mov   AX,DATA
 0007  8E D8			      mov   DS,AX
 0009  B9 0000				  mov   CX, 0
					  
					  
					  ;f5 = 20 - 4*i , при a>b,  -(6*I -
				 6), при a<=b 
 000C  8B 0E 0004 R			  mov cx, i
 0010  8B C1				  mov ax, cx
 0012  D1 E1				  shl cx, 1
 0014  D1 E1				  shl cx, 1
 0016  8B 1E 0002 R			  mov bx, b   
 001A  39 1E 0000 R			  cmp a, bx    
 001E  7E 08				  jle f5ch
 0020  F7 D9					neg cx
 0022  83 C1 14					add cx, 20
 0025  EB 0A 90					jmp f5chf
 0028					  f5ch:
 0028  03 C8					add cx, ax
 002A  03 C8					add cx, ax
 002C  83 C1 FA					add cx, -6
 002F  F7 D9					neg cx
 0031					  f5chf:
 0031  89 0E 0008 R			  mov i1, cx
					  
Microsoft (R) Macro Assembler Version 5.10                  11/6/21 08:21:46
                                                             Page     1-2


					  ;f8 = - (6*i+8) , при a>b, 9 -3*(i
				-1), при a<=b 
 0035  8B 0E 0004 R			  mov cx, i
 0039  39 1E 0000 R			  cmp a, bx
 003D  7E 10				  jle f8ch
 003F  D1 E1				    shl cx, 1
 0041  8B C1					mov ax, cx
 0043  D1 E1					shl cx, 1
 0045  03 C8					add cx, ax
 0047  83 C1 08					add cx, 8
 004A  F7 D9					neg cx
 004C  EB 0F 90					jmp f8chf
 004F					  f8ch:       
 004F  83 C1 FF				    add cx, -1
 0052  8B C1					mov ax, cx
 0054  D1 E1					shl cx, 1
 0056  03 C8					add cx, ax
 0058  F7 D9					neg cx
 005A  83 C1 09					add cx, 9
 005D					  f8chf:
 005D  89 0E 000A R			  mov i2, cx
					
					  ;f6 = |i1 - i2|, при k<0 , max(7, 
				|i2|), при k>=0 
 0061  8B 1E 0006 R			  mov bx, k
 0065  83 FB 00				  cmp bx, 0
 0068  7C 1B				  jl f6ch
 006A  8B 1E 000A R			    mov bx, i2
 006E  83 FB 00					cmp bx, 0
 0071  7D 02					jge temp1
 0073  F7 D9					neg cx
 0075						temp1:
 0075  83 FB 07					cmp bx, 7
 0078  7C 05					jl max1
 007A  8B CB					  mov cx, bx
 007C  EB 18 90					  jmp f6chf
 007F						max1:
 007F  B9 0007					  mov cx, 7
 0082  EB 12 90					  jmp f6chf
 0085					  f6ch:
 0085  8B 0E 000A R			    mov cx, i2
 0089  F7 D9				    neg cx
 008B  03 0E 0008 R				add cx, i1
 008F  83 F9 00					cmp cx, 0
 0092  7D 02					jge temp2
 0094  F7 D9					neg cx
 0096						temp2:
 0096					  f6chf:           
 0096  CB			      ret
 0097				Main      ENDP
 0097				CODE      ENDS
				END Main
Microsoft (R) Macro Assembler Version 5.10                  11/6/21 08:21:46
                                                             Symbols-1


Segments and Groups:

                N a m e         	Length	 Align	Combine Class

ASTACK . . . . . . . . . . . . .  	0018	PARA	STACK	
CODE . . . . . . . . . . . . . .  	0097	PARA	NONE	
DATA . . . . . . . . . . . . . .  	000C	PARA	NONE	

Symbols:            

                N a m e         	Type	 Value	 Attr

A  . . . . . . . . . . . . . . .  	L WORD	0000	DATA

B  . . . . . . . . . . . . . . .  	L WORD	0002	DATA

F5CH . . . . . . . . . . . . . .  	L NEAR	0028	CODE
F5CHF  . . . . . . . . . . . . .  	L NEAR	0031	CODE
F6CH . . . . . . . . . . . . . .  	L NEAR	0085	CODE
F6CHF  . . . . . . . . . . . . .  	L NEAR	0096	CODE
F8CH . . . . . . . . . . . . . .  	L NEAR	004F	CODE
F8CHF  . . . . . . . . . . . . .  	L NEAR	005D	CODE

I  . . . . . . . . . . . . . . .  	L WORD	0004	DATA
I1 . . . . . . . . . . . . . . .  	L WORD	0008	DATA
I2 . . . . . . . . . . . . . . .  	L WORD	000A	DATA

K  . . . . . . . . . . . . . . .  	L WORD	0006	DATA

MAIN . . . . . . . . . . . . . .  	F PROC	0000	CODE	Length = 0097
MAX1 . . . . . . . . . . . . . .  	L NEAR	007F	CODE

TEMP1  . . . . . . . . . . . . .  	L NEAR	0075	CODE
TEMP2  . . . . . . . . . . . . .  	L NEAR	0096	CODE

@CPU . . . . . . . . . . . . . .  	TEXT  0101h		
@FILENAME  . . . . . . . . . . .  	TEXT  lr3		
@VERSION . . . . . . . . . . . .  	TEXT  510		


     99 Source  Lines
     99 Total   Lines
     24 Symbols

  47990 + 461317 Bytes symbol space free

      0 Warning Errors
      0 Severe  Errors
